../Core/Src/main.c:91:5:main	8	static
../Core/Src/main.c:150:6:SystemClock_Config	96	static
../Core/Src/main.c:199:13:MX_ADC_Init	24	static
../Core/Src/main.c:253:13:MX_I2C1_Init	8	static
../Core/Src/main.c:301:13:MX_TIM14_Init	8	static
../Core/Src/main.c:332:13:MX_USART1_UART_Init	8	static
../Core/Src/main.c:365:13:MX_DMA_Init	16	static
../Core/Src/main.c:386:13:MX_GPIO_Init	48	static
../Core/Src/main.c:409:6:HAL_UARTEx_RxEventCallback	16	static
../Core/Src/main.c:421:6:Error_Handler	8	static,ignoring_inline_asm
