../Core/Src/main.c:91:5:main	16	static
../Core/Src/main.c:180:6:SystemClock_Config	96	static
../Core/Src/main.c:229:13:MX_ADC_Init	24	static
../Core/Src/main.c:283:13:MX_I2C1_Init	8	static
../Core/Src/main.c:331:13:MX_TIM14_Init	8	static
../Core/Src/main.c:362:13:MX_USART1_UART_Init	8	static
../Core/Src/main.c:395:13:MX_DMA_Init	16	static
../Core/Src/main.c:416:13:MX_GPIO_Init	48	static
../Core/Src/main.c:439:6:HAL_UARTEx_RxEventCallback	16	static
../Core/Src/main.c:451:6:Error_Handler	8	static,ignoring_inline_asm
