../Core/Src/stm32f0xx_it.c:82:6:NMI_Handler	8	static
../Core/Src/stm32f0xx_it.c:97:6:HardFault_Handler	8	static
../Core/Src/stm32f0xx_it.c:112:6:SVC_Handler	8	static
../Core/Src/stm32f0xx_it.c:125:6:PendSV_Handler	8	static
../Core/Src/stm32f0xx_it.c:138:6:SysTick_Handler	8	static
../Core/Src/stm32f0xx_it.c:159:6:DMA1_Channel1_IRQHandler	8	static
../Core/Src/stm32f0xx_it.c:180:6:DMA1_Channel2_3_IRQHandler	8	static
../Core/Src/stm32f0xx_it.c:194:6:ADC1_IRQHandler	8	static
../Core/Src/stm32f0xx_it.c:208:6:TIM14_IRQHandler	8	static
../Core/Src/stm32f0xx_it.c:222:6:USART1_IRQHandler	8	static
